============================================================
BENCHMARK: with-otel
OTEL_ENABLED=true
VUS=75 WARMUP=30s DURATION=5m
Started at: 2026-08-17T00:32:25-05:00
============================================================

         /\      Grafana   /‾‾/  
    /\  /  \     |\  __   /  /   
   /  \/    \    | |/ /  /   ‾‾\ 
  /          \   |   (  |  (‾)  |
 / __________ \  |_|\_\  \_____/ 

     execution: local
        script: /scripts/load-test.js
        output: -

     scenarios: (100.00%) 1 scenario, 75 max VUs, 6m30s max duration (incl. graceful stop):
              * orders: Up to 75 looping VUs for 6m0s over 3 stages (gracefulRampDown: 30s, gracefulStop: 30s)


running (0m01.0s), 03/75 VUs, 0 complete and 0 interrupted iterations
orders   [   0% ] 03/75 VUs  0m01.0s/6m00.0s

running (0m02.0s), 05/75 VUs, 3 complete and 0 interrupted iterations
orders   [   1% ] 05/75 VUs  0m02.0s/6m00.0s

running (0m03.0s), 08/75 VUs, 8 complete and 0 interrupted iterations
orders   [   1% ] 08/75 VUs  0m03.0s/6m00.0s

running (0m04.0s), 10/75 VUs, 16 complete and 0 interrupted iterations
orders   [   1% ] 10/75 VUs  0m04.0s/6m00.0s

running (0m05.0s), 13/75 VUs, 26 complete and 0 interrupted iterations
orders   [   1% ] 13/75 VUs  0m05.0s/6m00.0s

running (0m06.0s), 15/75 VUs, 39 complete and 0 interrupted iterations
orders   [   2% ] 15/75 VUs  0m06.0s/6m00.0s

running (0m07.0s), 18/75 VUs, 54 complete and 0 interrupted iterations
orders   [   2% ] 18/75 VUs  0m07.0s/6m00.0s

running (0m08.0s), 20/75 VUs, 72 complete and 0 interrupted iterations
orders   [   2% ] 20/75 VUs  0m08.0s/6m00.0s

running (0m09.0s), 23/75 VUs, 92 complete and 0 interrupted iterations
orders   [   2% ] 23/75 VUs  0m09.0s/6m00.0s

running (0m10.0s), 25/75 VUs, 115 complete and 0 interrupted iterations
orders   [   3% ] 25/75 VUs  0m10.0s/6m00.0s

running (0m11.0s), 28/75 VUs, 139 complete and 0 interrupted iterations
orders   [   3% ] 28/75 VUs  0m11.0s/6m00.0s

running (0m12.0s), 30/75 VUs, 166 complete and 0 interrupted iterations
orders   [   3% ] 30/75 VUs  0m12.0s/6m00.0s

running (0m13.0s), 33/75 VUs, 196 complete and 0 interrupted iterations
orders   [   4% ] 33/75 VUs  0m13.0s/6m00.0s

running (0m14.0s), 35/75 VUs, 226 complete and 0 interrupted iterations
orders   [   4% ] 35/75 VUs  0m14.0s/6m00.0s

running (0m15.0s), 37/75 VUs, 259 complete and 0 interrupted iterations
orders   [   4% ] 37/75 VUs  0m15.0s/6m00.0s

running (0m16.0s), 40/75 VUs, 296 complete and 0 interrupted iterations
orders   [   4% ] 40/75 VUs  0m16.0s/6m00.0s

running (0m17.0s), 42/75 VUs, 336 complete and 0 interrupted iterations
orders   [   5% ] 42/75 VUs  0m17.0s/6m00.0s

running (0m18.0s), 45/75 VUs, 378 complete and 0 interrupted iterations
orders   [   5% ] 45/75 VUs  0m18.0s/6m00.0s

running (0m19.0s), 47/75 VUs, 423 complete and 0 interrupted iterations
orders   [   5% ] 47/75 VUs  0m19.0s/6m00.0s

running (0m20.0s), 50/75 VUs, 470 complete and 0 interrupted iterations
orders   [   6% ] 50/75 VUs  0m20.0s/6m00.0s

running (0m21.0s), 52/75 VUs, 518 complete and 0 interrupted iterations
orders   [   6% ] 52/75 VUs  0m21.0s/6m00.0s

running (0m22.0s), 55/75 VUs, 568 complete and 0 interrupted iterations
orders   [   6% ] 55/75 VUs  0m22.0s/6m00.0s

running (0m23.0s), 57/75 VUs, 622 complete and 0 interrupted iterations
orders   [   6% ] 57/75 VUs  0m23.0s/6m00.0s

running (0m24.0s), 60/75 VUs, 677 complete and 0 interrupted iterations
orders   [   7% ] 60/75 VUs  0m24.0s/6m00.0s

running (0m25.0s), 62/75 VUs, 737 complete and 0 interrupted iterations
orders   [   7% ] 62/75 VUs  0m25.0s/6m00.0s

running (0m26.0s), 65/75 VUs, 797 complete and 0 interrupted iterations
orders   [   7% ] 65/75 VUs  0m26.0s/6m00.0s

running (0m27.0s), 67/75 VUs, 862 complete and 0 interrupted iterations
orders   [   7% ] 67/75 VUs  0m27.0s/6m00.0s

running (0m28.0s), 70/75 VUs, 929 complete and 0 interrupted iterations
orders   [   8% ] 70/75 VUs  0m28.0s/6m00.0s

running (0m29.0s), 72/75 VUs, 995 complete and 0 interrupted iterations
orders   [   8% ] 72/75 VUs  0m29.0s/6m00.0s

running (0m30.0s), 74/75 VUs, 1066 complete and 0 interrupted iterations
orders   [   8% ] 74/75 VUs  0m30.0s/6m00.0s

running (0m31.0s), 75/75 VUs, 1140 complete and 0 interrupted iterations
orders   [   9% ] 75/75 VUs  0m31.0s/6m00.0s

running (0m32.0s), 75/75 VUs, 1215 complete and 0 interrupted iterations
orders   [   9% ] 75/75 VUs  0m32.0s/6m00.0s

running (0m33.0s), 75/75 VUs, 1290 complete and 0 interrupted iterations
orders   [   9% ] 75/75 VUs  0m33.0s/6m00.0s

running (0m34.0s), 75/75 VUs, 1365 complete and 0 interrupted iterations
orders   [   9% ] 75/75 VUs  0m34.0s/6m00.0s

running (0m35.0s), 75/75 VUs, 1440 complete and 0 interrupted iterations
orders   [  10% ] 75/75 VUs  0m35.0s/6m00.0s

running (0m36.0s), 75/75 VUs, 1515 complete and 0 interrupted iterations
orders   [  10% ] 75/75 VUs  0m36.0s/6m00.0s

running (0m37.0s), 75/75 VUs, 1590 complete and 0 interrupted iterations
orders   [  10% ] 75/75 VUs  0m37.0s/6m00.0s

running (0m38.0s), 75/75 VUs, 1665 complete and 0 interrupted iterations
orders   [  11% ] 75/75 VUs  0m38.0s/6m00.0s

running (0m39.0s), 75/75 VUs, 1740 complete and 0 interrupted iterations
orders   [  11% ] 75/75 VUs  0m39.0s/6m00.0s

running (0m40.0s), 75/75 VUs, 1815 complete and 0 interrupted iterations
orders   [  11% ] 75/75 VUs  0m40.0s/6m00.0s

running (0m41.0s), 75/75 VUs, 1887 complete and 0 interrupted iterations
orders   [  11% ] 75/75 VUs  0m41.0s/6m00.0s

running (0m42.1s), 75/75 VUs, 1965 complete and 0 interrupted iterations
orders   [  12% ] 75/75 VUs  0m42.1s/6m00.0s

running (0m43.0s), 75/75 VUs, 2031 complete and 0 interrupted iterations
orders   [  12% ] 75/75 VUs  0m43.0s/6m00.0s

running (0m44.0s), 75/75 VUs, 2106 complete and 0 interrupted iterations
orders   [  12% ] 75/75 VUs  0m44.0s/6m00.0s

running (0m45.0s), 75/75 VUs, 2181 complete and 0 interrupted iterations
orders   [  12% ] 75/75 VUs  0m45.0s/6m00.0s

running (0m46.0s), 75/75 VUs, 2256 complete and 0 interrupted iterations
orders   [  13% ] 75/75 VUs  0m46.0s/6m00.0s

running (0m47.0s), 75/75 VUs, 2331 complete and 0 interrupted iterations
orders   [  13% ] 75/75 VUs  0m47.0s/6m00.0s

running (0m48.0s), 75/75 VUs, 2402 complete and 0 interrupted iterations
orders   [  13% ] 75/75 VUs  0m48.0s/6m00.0s

running (0m49.0s), 75/75 VUs, 2476 complete and 0 interrupted iterations
orders   [  14% ] 75/75 VUs  0m49.0s/6m00.0s

running (0m50.0s), 75/75 VUs, 2551 complete and 0 interrupted iterations
orders   [  14% ] 75/75 VUs  0m50.0s/6m00.0s

running (0m51.0s), 75/75 VUs, 2625 complete and 0 interrupted iterations
orders   [  14% ] 75/75 VUs  0m51.0s/6m00.0s

running (0m52.0s), 75/75 VUs, 2700 complete and 0 interrupted iterations
orders   [  14% ] 75/75 VUs  0m52.0s/6m00.0s

running (0m53.0s), 75/75 VUs, 2774 complete and 0 interrupted iterations
orders   [  15% ] 75/75 VUs  0m53.0s/6m00.0s

running (0m54.0s), 75/75 VUs, 2848 complete and 0 interrupted iterations
orders   [  15% ] 75/75 VUs  0m54.0s/6m00.0s

running (0m55.0s), 75/75 VUs, 2923 complete and 0 interrupted iterations
orders   [  15% ] 75/75 VUs  0m55.0s/6m00.0s

running (0m56.0s), 75/75 VUs, 2996 complete and 0 interrupted iterations
orders   [  16% ] 75/75 VUs  0m56.0s/6m00.0s

running (0m57.0s), 75/75 VUs, 3071 complete and 0 interrupted iterations
orders   [  16% ] 75/75 VUs  0m57.0s/6m00.0s

running (0m58.0s), 75/75 VUs, 3145 complete and 0 interrupted iterations
orders   [  16% ] 75/75 VUs  0m58.0s/6m00.0s

running (0m59.0s), 75/75 VUs, 3220 complete and 0 interrupted iterations
orders   [  16% ] 75/75 VUs  0m59.0s/6m00.0s

running (1m00.0s), 75/75 VUs, 3294 complete and 0 interrupted iterations
orders   [  17% ] 75/75 VUs  1m00.0s/6m00.0s

running (1m01.0s), 75/75 VUs, 3369 complete and 0 interrupted iterations
orders   [  17% ] 75/75 VUs  1m01.0s/6m00.0s

running (1m02.0s), 75/75 VUs, 3444 complete and 0 interrupted iterations
orders   [  17% ] 75/75 VUs  1m02.0s/6m00.0s

running (1m03.0s), 75/75 VUs, 3519 complete and 0 interrupted iterations
orders   [  17% ] 75/75 VUs  1m03.0s/6m00.0s

running (1m04.0s), 75/75 VUs, 3592 complete and 0 interrupted iterations
orders   [  18% ] 75/75 VUs  1m04.0s/6m00.0s

running (1m05.0s), 75/75 VUs, 3667 complete and 0 interrupted iterations
orders   [  18% ] 75/75 VUs  1m05.0s/6m00.0s

running (1m06.0s), 75/75 VUs, 3740 complete and 0 interrupted iterations
orders   [  18% ] 75/75 VUs  1m06.0s/6m00.0s

running (1m07.0s), 75/75 VUs, 3815 complete and 0 interrupted iterations
orders   [  19% ] 75/75 VUs  1m07.0s/6m00.0s

running (1m08.0s), 75/75 VUs, 3886 complete and 0 interrupted iterations
orders   [  19% ] 75/75 VUs  1m08.0s/6m00.0s

running (1m09.0s), 75/75 VUs, 3961 complete and 0 interrupted iterations
orders   [  19% ] 75/75 VUs  1m09.0s/6m00.0s

running (1m10.0s), 75/75 VUs, 4035 complete and 0 interrupted iterations
orders   [  19% ] 75/75 VUs  1m10.0s/6m00.0s

running (1m11.0s), 75/75 VUs, 4110 complete and 0 interrupted iterations
orders   [  20% ] 75/75 VUs  1m11.0s/6m00.0s

running (1m12.0s), 75/75 VUs, 4184 complete and 0 interrupted iterations
orders   [  20% ] 75/75 VUs  1m12.0s/6m00.0s

running (1m13.0s), 75/75 VUs, 4259 complete and 0 interrupted iterations
orders   [  20% ] 75/75 VUs  1m13.0s/6m00.0s

running (1m14.0s), 75/75 VUs, 4333 complete and 0 interrupted iterations
orders   [  21% ] 75/75 VUs  1m14.0s/6m00.0s

running (1m15.0s), 75/75 VUs, 4408 complete and 0 interrupted iterations
orders   [  21% ] 75/75 VUs  1m15.0s/6m00.0s

running (1m16.0s), 75/75 VUs, 4482 complete and 0 interrupted iterations
orders   [  21% ] 75/75 VUs  1m16.0s/6m00.0s

running (1m17.0s), 75/75 VUs, 4557 complete and 0 interrupted iterations
orders   [  21% ] 75/75 VUs  1m17.0s/6m00.0s

running (1m18.0s), 75/75 VUs, 4632 complete and 0 interrupted iterations
orders   [  22% ] 75/75 VUs  1m18.0s/6m00.0s

running (1m19.0s), 75/75 VUs, 4705 complete and 0 interrupted iterations
orders   [  22% ] 75/75 VUs  1m19.0s/6m00.0s

running (1m20.0s), 75/75 VUs, 4779 complete and 0 interrupted iterations
orders   [  22% ] 75/75 VUs  1m20.0s/6m00.0s

running (1m21.0s), 75/75 VUs, 4854 complete and 0 interrupted iterations
orders   [  22% ] 75/75 VUs  1m21.0s/6m00.0s

running (1m22.0s), 75/75 VUs, 4929 complete and 0 interrupted iterations
orders   [  23% ] 75/75 VUs  1m22.0s/6m00.0s

running (1m23.0s), 75/75 VUs, 5004 complete and 0 interrupted iterations
orders   [  23% ] 75/75 VUs  1m23.0s/6m00.0s

running (1m24.0s), 75/75 VUs, 5078 complete and 0 interrupted iterations
orders   [  23% ] 75/75 VUs  1m24.0s/6m00.0s

running (1m25.0s), 75/75 VUs, 5153 complete and 0 interrupted iterations
orders   [  24% ] 75/75 VUs  1m25.0s/6m00.0s

running (1m26.0s), 75/75 VUs, 5227 complete and 0 interrupted iterations
orders   [  24% ] 75/75 VUs  1m26.0s/6m00.0s

running (1m27.0s), 75/75 VUs, 5301 complete and 0 interrupted iterations
orders   [  24% ] 75/75 VUs  1m27.0s/6m00.0s

running (1m28.0s), 75/75 VUs, 5375 complete and 0 interrupted iterations
orders   [  24% ] 75/75 VUs  1m28.0s/6m00.0s

running (1m29.0s), 75/75 VUs, 5448 complete and 0 interrupted iterations
orders   [  25% ] 75/75 VUs  1m29.0s/6m00.0s

running (1m30.0s), 75/75 VUs, 5520 complete and 0 interrupted iterations
orders   [  25% ] 75/75 VUs  1m30.0s/6m00.0s

running (1m31.0s), 75/75 VUs, 5592 complete and 0 interrupted iterations
orders   [  25% ] 75/75 VUs  1m31.0s/6m00.0s

running (1m32.0s), 75/75 VUs, 5665 complete and 0 interrupted iterations
orders   [  26% ] 75/75 VUs  1m32.0s/6m00.0s

running (1m33.0s), 75/75 VUs, 5740 complete and 0 interrupted iterations
orders   [  26% ] 75/75 VUs  1m33.0s/6m00.0s

running (1m34.0s), 75/75 VUs, 5810 complete and 0 interrupted iterations
orders   [  26% ] 75/75 VUs  1m34.0s/6m00.0s

running (1m35.0s), 75/75 VUs, 5884 complete and 0 interrupted iterations
orders   [  26% ] 75/75 VUs  1m35.0s/6m00.0s

running (1m36.0s), 75/75 VUs, 5959 complete and 0 interrupted iterations
orders   [  27% ] 75/75 VUs  1m36.0s/6m00.0s

running (1m37.0s), 75/75 VUs, 6034 complete and 0 interrupted iterations
orders   [  27% ] 75/75 VUs  1m37.0s/6m00.0s

running (1m38.0s), 75/75 VUs, 6107 complete and 0 interrupted iterations
orders   [  27% ] 75/75 VUs  1m38.0s/6m00.0s

running (1m39.0s), 75/75 VUs, 6181 complete and 0 interrupted iterations
orders   [  27% ] 75/75 VUs  1m39.0s/6m00.0s

running (1m40.0s), 75/75 VUs, 6255 complete and 0 interrupted iterations
orders   [  28% ] 75/75 VUs  1m40.0s/6m00.0s

running (1m41.0s), 75/75 VUs, 6328 complete and 0 interrupted iterations
orders   [  28% ] 75/75 VUs  1m41.0s/6m00.0s

running (1m42.0s), 75/75 VUs, 6403 complete and 0 interrupted iterations
orders   [  28% ] 75/75 VUs  1m42.0s/6m00.0s

running (1m43.0s), 75/75 VUs, 6477 complete and 0 interrupted iterations
orders   [  29% ] 75/75 VUs  1m43.0s/6m00.0s

running (1m44.0s), 75/75 VUs, 6550 complete and 0 interrupted iterations
orders   [  29% ] 75/75 VUs  1m44.0s/6m00.0s

running (1m45.0s), 75/75 VUs, 6625 complete and 0 interrupted iterations
orders   [  29% ] 75/75 VUs  1m45.0s/6m00.0s

running (1m46.0s), 75/75 VUs, 6700 complete and 0 interrupted iterations
orders   [  29% ] 75/75 VUs  1m46.0s/6m00.0s

running (1m47.0s), 75/75 VUs, 6774 complete and 0 interrupted iterations
orders   [  30% ] 75/75 VUs  1m47.0s/6m00.0s

running (1m48.0s), 75/75 VUs, 6849 complete and 0 interrupted iterations
orders   [  30% ] 75/75 VUs  1m48.0s/6m00.0s

running (1m49.0s), 75/75 VUs, 6924 complete and 0 interrupted iterations
orders   [  30% ] 75/75 VUs  1m49.0s/6m00.0s

running (1m50.0s), 75/75 VUs, 6997 complete and 0 interrupted iterations
orders   [  31% ] 75/75 VUs  1m50.0s/6m00.0s

running (1m51.0s), 75/75 VUs, 7072 complete and 0 interrupted iterations
orders   [  31% ] 75/75 VUs  1m51.0s/6m00.0s

running (1m52.0s), 75/75 VUs, 7147 complete and 0 interrupted iterations
orders   [  31% ] 75/75 VUs  1m52.0s/6m00.0s

running (1m53.0s), 75/75 VUs, 7222 complete and 0 interrupted iterations
orders   [  31% ] 75/75 VUs  1m53.0s/6m00.0s

running (1m54.0s), 75/75 VUs, 7297 complete and 0 interrupted iterations
orders   [  32% ] 75/75 VUs  1m54.0s/6m00.0s

running (1m55.0s), 75/75 VUs, 7371 complete and 0 interrupted iterations
orders   [  32% ] 75/75 VUs  1m55.0s/6m00.0s

running (1m56.0s), 75/75 VUs, 7446 complete and 0 interrupted iterations
orders   [  32% ] 75/75 VUs  1m56.0s/6m00.0s

running (1m57.0s), 75/75 VUs, 7520 complete and 0 interrupted iterations
orders   [  32% ] 75/75 VUs  1m57.0s/6m00.0s

running (1m58.0s), 75/75 VUs, 7595 complete and 0 interrupted iterations
orders   [  33% ] 75/75 VUs  1m58.0s/6m00.0s

running (1m59.0s), 75/75 VUs, 7670 complete and 0 interrupted iterations
orders   [  33% ] 75/75 VUs  1m59.0s/6m00.0s

running (2m00.0s), 75/75 VUs, 7744 complete and 0 interrupted iterations
orders   [  33% ] 75/75 VUs  2m00.0s/6m00.0s

running (2m01.0s), 75/75 VUs, 7818 complete and 0 interrupted iterations
orders   [  34% ] 75/75 VUs  2m01.0s/6m00.0s

running (2m02.0s), 75/75 VUs, 7893 complete and 0 interrupted iterations
orders   [  34% ] 75/75 VUs  2m02.0s/6m00.0s

running (2m03.0s), 75/75 VUs, 7968 complete and 0 interrupted iterations
orders   [  34% ] 75/75 VUs  2m03.0s/6m00.0s

running (2m04.0s), 75/75 VUs, 8043 complete and 0 interrupted iterations
orders   [  34% ] 75/75 VUs  2m04.0s/6m00.0s

running (2m05.0s), 75/75 VUs, 8118 complete and 0 interrupted iterations
orders   [  35% ] 75/75 VUs  2m05.0s/6m00.0s

running (2m06.0s), 75/75 VUs, 8193 complete and 0 interrupted iterations
orders   [  35% ] 75/75 VUs  2m06.0s/6m00.0s

running (2m07.0s), 75/75 VUs, 8268 complete and 0 interrupted iterations
orders   [  35% ] 75/75 VUs  2m07.0s/6m00.0s

running (2m08.0s), 75/75 VUs, 8343 complete and 0 interrupted iterations
orders   [  36% ] 75/75 VUs  2m08.0s/6m00.0s

running (2m09.0s), 75/75 VUs, 8418 complete and 0 interrupted iterations
orders   [  36% ] 75/75 VUs  2m09.0s/6m00.0s

running (2m10.0s), 75/75 VUs, 8493 complete and 0 interrupted iterations
orders   [  36% ] 75/75 VUs  2m10.0s/6m00.0s

running (2m11.0s), 75/75 VUs, 8566 complete and 0 interrupted iterations
orders   [  36% ] 75/75 VUs  2m11.0s/6m00.0s

running (2m12.0s), 75/75 VUs, 8641 complete and 0 interrupted iterations
orders   [  37% ] 75/75 VUs  2m12.0s/6m00.0s

running (2m13.0s), 75/75 VUs, 8716 complete and 0 interrupted iterations
orders   [  37% ] 75/75 VUs  2m13.0s/6m00.0s

running (2m14.0s), 75/75 VUs, 8791 complete and 0 interrupted iterations
orders   [  37% ] 75/75 VUs  2m14.0s/6m00.0s

running (2m15.0s), 75/75 VUs, 8866 complete and 0 interrupted iterations
orders   [  37% ] 75/75 VUs  2m15.0s/6m00.0s

running (2m16.0s), 75/75 VUs, 8940 complete and 0 interrupted iterations
orders   [  38% ] 75/75 VUs  2m16.0s/6m00.0s

running (2m17.0s), 75/75 VUs, 9015 complete and 0 interrupted iterations
orders   [  38% ] 75/75 VUs  2m17.0s/6m00.0s

running (2m18.0s), 75/75 VUs, 9090 complete and 0 interrupted iterations
orders   [  38% ] 75/75 VUs  2m18.0s/6m00.0s

running (2m19.0s), 75/75 VUs, 9165 complete and 0 interrupted iterations
orders   [  39% ] 75/75 VUs  2m19.0s/6m00.0s

running (2m20.0s), 75/75 VUs, 9240 complete and 0 interrupted iterations
orders   [  39% ] 75/75 VUs  2m20.0s/6m00.0s

running (2m21.0s), 75/75 VUs, 9313 complete and 0 interrupted iterations
orders   [  39% ] 75/75 VUs  2m21.0s/6m00.0s

running (2m22.0s), 75/75 VUs, 9387 complete and 0 interrupted iterations
orders   [  39% ] 75/75 VUs  2m22.0s/6m00.0s

running (2m23.0s), 75/75 VUs, 9462 complete and 0 interrupted iterations
orders   [  40% ] 75/75 VUs  2m23.0s/6m00.0s

running (2m24.0s), 75/75 VUs, 9537 complete and 0 interrupted iterations
orders   [  40% ] 75/75 VUs  2m24.0s/6m00.0s

running (2m25.0s), 75/75 VUs, 9610 complete and 0 interrupted iterations
orders   [  40% ] 75/75 VUs  2m25.0s/6m00.0s

running (2m26.0s), 75/75 VUs, 9685 complete and 0 interrupted iterations
orders   [  41% ] 75/75 VUs  2m26.0s/6m00.0s

running (2m27.0s), 75/75 VUs, 9760 complete and 0 interrupted iterations
orders   [  41% ] 75/75 VUs  2m27.0s/6m00.0s

running (2m28.0s), 75/75 VUs, 9834 complete and 0 interrupted iterations
orders   [  41% ] 75/75 VUs  2m28.0s/6m00.0s

running (2m29.0s), 75/75 VUs, 9909 complete and 0 interrupted iterations
orders   [  41% ] 75/75 VUs  2m29.0s/6m00.0s

running (2m30.0s), 75/75 VUs, 9984 complete and 0 interrupted iterations
orders   [  42% ] 75/75 VUs  2m30.0s/6m00.0s

running (2m31.0s), 75/75 VUs, 10058 complete and 0 interrupted iterations
orders   [  42% ] 75/75 VUs  2m31.0s/6m00.0s

running (2m32.0s), 75/75 VUs, 10133 complete and 0 interrupted iterations
orders   [  42% ] 75/75 VUs  2m32.0s/6m00.0s

running (2m33.0s), 75/75 VUs, 10208 complete and 0 interrupted iterations
orders   [  42% ] 75/75 VUs  2m33.0s/6m00.0s

running (2m34.0s), 75/75 VUs, 10283 complete and 0 interrupted iterations
orders   [  43% ] 75/75 VUs  2m34.0s/6m00.0s

running (2m35.0s), 75/75 VUs, 10358 complete and 0 interrupted iterations
orders   [  43% ] 75/75 VUs  2m35.0s/6m00.0s

running (2m36.0s), 75/75 VUs, 10433 complete and 0 interrupted iterations
orders   [  43% ] 75/75 VUs  2m36.0s/6m00.0s

running (2m37.0s), 75/75 VUs, 10508 complete and 0 interrupted iterations
orders   [  44% ] 75/75 VUs  2m37.0s/6m00.0s

running (2m38.0s), 75/75 VUs, 10583 complete and 0 interrupted iterations
orders   [  44% ] 75/75 VUs  2m38.0s/6m00.0s

running (2m39.0s), 75/75 VUs, 10658 complete and 0 interrupted iterations
orders   [  44% ] 75/75 VUs  2m39.0s/6m00.0s

running (2m40.0s), 75/75 VUs, 10730 complete and 0 interrupted iterations
orders   [  44% ] 75/75 VUs  2m40.0s/6m00.0s

running (2m41.0s), 75/75 VUs, 10805 complete and 0 interrupted iterations
orders   [  45% ] 75/75 VUs  2m41.0s/6m00.0s

running (2m42.0s), 75/75 VUs, 10880 complete and 0 interrupted iterations
orders   [  45% ] 75/75 VUs  2m42.0s/6m00.0s

running (2m43.0s), 75/75 VUs, 10955 complete and 0 interrupted iterations
orders   [  45% ] 75/75 VUs  2m43.0s/6m00.0s

running (2m44.0s), 75/75 VUs, 11030 complete and 0 interrupted iterations
orders   [  46% ] 75/75 VUs  2m44.0s/6m00.0s

running (2m45.0s), 75/75 VUs, 11102 complete and 0 interrupted iterations
orders   [  46% ] 75/75 VUs  2m45.0s/6m00.0s

running (2m46.0s), 75/75 VUs, 11177 complete and 0 interrupted iterations
orders   [  46% ] 75/75 VUs  2m46.0s/6m00.0s

running (2m47.0s), 75/75 VUs, 11252 complete and 0 interrupted iterations
orders   [  46% ] 75/75 VUs  2m47.0s/6m00.0s

running (2m48.0s), 75/75 VUs, 11327 complete and 0 interrupted iterations
orders   [  47% ] 75/75 VUs  2m48.0s/6m00.0s

running (2m49.0s), 75/75 VUs, 11402 complete and 0 interrupted iterations
orders   [  47% ] 75/75 VUs  2m49.0s/6m00.0s

running (2m50.0s), 75/75 VUs, 11476 complete and 0 interrupted iterations
orders   [  47% ] 75/75 VUs  2m50.0s/6m00.0s

running (2m51.0s), 75/75 VUs, 11548 complete and 0 interrupted iterations
orders   [  47% ] 75/75 VUs  2m51.0s/6m00.0s

running (2m52.0s), 75/75 VUs, 11623 complete and 0 interrupted iterations
orders   [  48% ] 75/75 VUs  2m52.0s/6m00.0s

running (2m53.0s), 75/75 VUs, 11698 complete and 0 interrupted iterations
orders   [  48% ] 75/75 VUs  2m53.0s/6m00.0s

running (2m54.0s), 75/75 VUs, 11773 complete and 0 interrupted iterations
orders   [  48% ] 75/75 VUs  2m54.0s/6m00.0s

running (2m55.0s), 75/75 VUs, 11847 complete and 0 interrupted iterations
orders   [  49% ] 75/75 VUs  2m55.0s/6m00.0s

running (2m56.0s), 75/75 VUs, 11922 complete and 0 interrupted iterations
orders   [  49% ] 75/75 VUs  2m56.0s/6m00.0s

running (2m57.0s), 75/75 VUs, 11993 complete and 0 interrupted iterations
orders   [  49% ] 75/75 VUs  2m57.0s/6m00.0s

running (2m58.0s), 75/75 VUs, 12068 complete and 0 interrupted iterations
orders   [  49% ] 75/75 VUs  2m58.0s/6m00.0s

running (2m59.0s), 75/75 VUs, 12141 complete and 0 interrupted iterations
orders   [  50% ] 75/75 VUs  2m59.0s/6m00.0s

running (3m00.0s), 75/75 VUs, 12216 complete and 0 interrupted iterations
orders   [  50% ] 75/75 VUs  3m00.0s/6m00.0s

running (3m01.0s), 75/75 VUs, 12291 complete and 0 interrupted iterations
orders   [  50% ] 75/75 VUs  3m01.0s/6m00.0s

running (3m02.0s), 75/75 VUs, 12366 complete and 0 interrupted iterations
orders   [  51% ] 75/75 VUs  3m02.0s/6m00.0s

running (3m03.0s), 75/75 VUs, 12441 complete and 0 interrupted iterations
orders   [  51% ] 75/75 VUs  3m03.0s/6m00.0s

running (3m04.0s), 75/75 VUs, 12515 complete and 0 interrupted iterations
orders   [  51% ] 75/75 VUs  3m04.0s/6m00.0s

running (3m05.0s), 75/75 VUs, 12589 complete and 0 interrupted iterations
orders   [  51% ] 75/75 VUs  3m05.0s/6m00.0s

running (3m06.0s), 75/75 VUs, 12661 complete and 0 interrupted iterations
orders   [  52% ] 75/75 VUs  3m06.0s/6m00.0s

running (3m07.0s), 75/75 VUs, 12736 complete and 0 interrupted iterations
orders   [  52% ] 75/75 VUs  3m07.0s/6m00.0s

running (3m08.0s), 75/75 VUs, 12811 complete and 0 interrupted iterations
orders   [  52% ] 75/75 VUs  3m08.0s/6m00.0s

running (3m09.0s), 75/75 VUs, 12886 complete and 0 interrupted iterations
orders   [  52% ] 75/75 VUs  3m09.0s/6m00.0s

running (3m10.0s), 75/75 VUs, 12961 complete and 0 interrupted iterations
orders   [  53% ] 75/75 VUs  3m10.0s/6m00.0s

running (3m11.0s), 75/75 VUs, 13036 complete and 0 interrupted iterations
orders   [  53% ] 75/75 VUs  3m11.0s/6m00.0s

running (3m12.0s), 75/75 VUs, 13111 complete and 0 interrupted iterations
orders   [  53% ] 75/75 VUs  3m12.0s/6m00.0s

running (3m13.0s), 75/75 VUs, 13186 complete and 0 interrupted iterations
orders   [  54% ] 75/75 VUs  3m13.0s/6m00.0s

running (3m14.0s), 75/75 VUs, 13260 complete and 0 interrupted iterations
orders   [  54% ] 75/75 VUs  3m14.0s/6m00.0s

running (3m15.0s), 75/75 VUs, 13335 complete and 0 interrupted iterations
orders   [  54% ] 75/75 VUs  3m15.0s/6m00.0s

running (3m16.0s), 75/75 VUs, 13410 complete and 0 interrupted iterations
orders   [  54% ] 75/75 VUs  3m16.0s/6m00.0s

running (3m17.0s), 75/75 VUs, 13485 complete and 0 interrupted iterations
orders   [  55% ] 75/75 VUs  3m17.0s/6m00.0s

running (3m18.0s), 75/75 VUs, 13560 complete and 0 interrupted iterations
orders   [  55% ] 75/75 VUs  3m18.0s/6m00.0s

running (3m19.0s), 75/75 VUs, 13635 complete and 0 interrupted iterations
orders   [  55% ] 75/75 VUs  3m19.0s/6m00.0s

running (3m20.0s), 75/75 VUs, 13710 complete and 0 interrupted iterations
orders   [  56% ] 75/75 VUs  3m20.0s/6m00.0s

running (3m21.0s), 75/75 VUs, 13785 complete and 0 interrupted iterations
orders   [  56% ] 75/75 VUs  3m21.0s/6m00.0s

running (3m22.0s), 75/75 VUs, 13860 complete and 0 interrupted iterations
orders   [  56% ] 75/75 VUs  3m22.0s/6m00.0s

running (3m23.0s), 75/75 VUs, 13935 complete and 0 interrupted iterations
orders   [  56% ] 75/75 VUs  3m23.0s/6m00.0s

running (3m24.0s), 75/75 VUs, 14010 complete and 0 interrupted iterations
orders   [  57% ] 75/75 VUs  3m24.0s/6m00.0s

running (3m25.0s), 75/75 VUs, 14085 complete and 0 interrupted iterations
orders   [  57% ] 75/75 VUs  3m25.0s/6m00.0s

running (3m26.0s), 75/75 VUs, 14160 complete and 0 interrupted iterations
orders   [  57% ] 75/75 VUs  3m26.0s/6m00.0s

running (3m27.0s), 75/75 VUs, 14232 complete and 0 interrupted iterations
orders   [  57% ] 75/75 VUs  3m27.0s/6m00.0s

running (3m28.0s), 75/75 VUs, 14306 complete and 0 interrupted iterations
orders   [  58% ] 75/75 VUs  3m28.0s/6m00.0s

running (3m29.0s), 75/75 VUs, 14377 complete and 0 interrupted iterations
orders   [  58% ] 75/75 VUs  3m29.0s/6m00.0s

running (3m30.0s), 75/75 VUs, 14448 complete and 0 interrupted iterations
orders   [  58% ] 75/75 VUs  3m30.0s/6m00.0s

running (3m31.0s), 75/75 VUs, 14523 complete and 0 interrupted iterations
orders   [  59% ] 75/75 VUs  3m31.0s/6m00.0s

running (3m32.0s), 75/75 VUs, 14598 complete and 0 interrupted iterations
orders   [  59% ] 75/75 VUs  3m32.0s/6m00.0s

running (3m33.0s), 75/75 VUs, 14673 complete and 0 interrupted iterations
orders   [  59% ] 75/75 VUs  3m33.0s/6m00.0s

running (3m34.0s), 75/75 VUs, 14748 complete and 0 interrupted iterations
orders   [  59% ] 75/75 VUs  3m34.0s/6m00.0s

running (3m35.0s), 75/75 VUs, 14823 complete and 0 interrupted iterations
orders   [  60% ] 75/75 VUs  3m35.0s/6m00.0s

running (3m36.0s), 75/75 VUs, 14898 complete and 0 interrupted iterations
orders   [  60% ] 75/75 VUs  3m36.0s/6m00.0s

running (3m37.0s), 75/75 VUs, 14972 complete and 0 interrupted iterations
orders   [  60% ] 75/75 VUs  3m37.0s/6m00.0s

running (3m38.0s), 75/75 VUs, 15047 complete and 0 interrupted iterations
orders   [  61% ] 75/75 VUs  3m38.0s/6m00.0s

running (3m39.0s), 75/75 VUs, 15121 complete and 0 interrupted iterations
orders   [  61% ] 75/75 VUs  3m39.0s/6m00.0s

running (3m40.0s), 75/75 VUs, 15194 complete and 0 interrupted iterations
orders   [  61% ] 75/75 VUs  3m40.0s/6m00.0s

running (3m41.0s), 75/75 VUs, 15269 complete and 0 interrupted iterations
orders   [  61% ] 75/75 VUs  3m41.0s/6m00.0s

running (3m42.0s), 75/75 VUs, 15344 complete and 0 interrupted iterations
orders   [  62% ] 75/75 VUs  3m42.0s/6m00.0s

running (3m43.0s), 75/75 VUs, 15419 complete and 0 interrupted iterations
orders   [  62% ] 75/75 VUs  3m43.0s/6m00.0s

running (3m44.0s), 75/75 VUs, 15490 complete and 0 interrupted iterations
orders   [  62% ] 75/75 VUs  3m44.0s/6m00.0s

running (3m45.0s), 75/75 VUs, 15565 complete and 0 interrupted iterations
orders   [  62% ] 75/75 VUs  3m45.0s/6m00.0s

running (3m46.0s), 75/75 VUs, 15640 complete and 0 interrupted iterations
orders   [  63% ] 75/75 VUs  3m46.0s/6m00.0s

running (3m47.0s), 75/75 VUs, 15715 complete and 0 interrupted iterations
orders   [  63% ] 75/75 VUs  3m47.0s/6m00.0s

running (3m48.0s), 75/75 VUs, 15790 complete and 0 interrupted iterations
orders   [  63% ] 75/75 VUs  3m48.0s/6m00.0s

running (3m49.0s), 75/75 VUs, 15865 complete and 0 interrupted iterations
orders   [  64% ] 75/75 VUs  3m49.0s/6m00.0s

running (3m50.0s), 75/75 VUs, 15940 complete and 0 interrupted iterations
orders   [  64% ] 75/75 VUs  3m50.0s/6m00.0s

running (3m51.0s), 75/75 VUs, 16015 complete and 0 interrupted iterations
orders   [  64% ] 75/75 VUs  3m51.0s/6m00.0s

running (3m52.0s), 75/75 VUs, 16090 complete and 0 interrupted iterations
orders   [  64% ] 75/75 VUs  3m52.0s/6m00.0s

running (3m53.0s), 75/75 VUs, 16162 complete and 0 interrupted iterations
orders   [  65% ] 75/75 VUs  3m53.0s/6m00.0s

running (3m54.0s), 75/75 VUs, 16237 complete and 0 interrupted iterations
orders   [  65% ] 75/75 VUs  3m54.0s/6m00.0s

running (3m55.0s), 75/75 VUs, 16312 complete and 0 interrupted iterations
orders   [  65% ] 75/75 VUs  3m55.0s/6m00.0s

running (3m56.0s), 75/75 VUs, 16387 complete and 0 interrupted iterations
orders   [  66% ] 75/75 VUs  3m56.0s/6m00.0s

running (3m57.0s), 75/75 VUs, 16462 complete and 0 interrupted iterations
orders   [  66% ] 75/75 VUs  3m57.0s/6m00.0s

running (3m58.0s), 75/75 VUs, 16537 complete and 0 interrupted iterations
orders   [  66% ] 75/75 VUs  3m58.0s/6m00.0s

running (3m59.0s), 75/75 VUs, 16612 complete and 0 interrupted iterations
orders   [  66% ] 75/75 VUs  3m59.0s/6m00.0s

running (4m00.0s), 75/75 VUs, 16687 complete and 0 interrupted iterations
orders   [  67% ] 75/75 VUs  4m00.0s/6m00.0s

running (4m01.0s), 75/75 VUs, 16762 complete and 0 interrupted iterations
orders   [  67% ] 75/75 VUs  4m01.0s/6m00.0s

running (4m02.0s), 75/75 VUs, 16837 complete and 0 interrupted iterations
orders   [  67% ] 75/75 VUs  4m02.0s/6m00.0s

running (4m03.0s), 75/75 VUs, 16912 complete and 0 interrupted iterations
orders   [  67% ] 75/75 VUs  4m03.0s/6m00.0s

running (4m04.0s), 75/75 VUs, 16984 complete and 0 interrupted iterations
orders   [  68% ] 75/75 VUs  4m04.0s/6m00.0s

running (4m05.0s), 75/75 VUs, 17059 complete and 0 interrupted iterations
orders   [  68% ] 75/75 VUs  4m05.0s/6m00.0s

running (4m06.0s), 75/75 VUs, 17134 complete and 0 interrupted iterations
orders   [  68% ] 75/75 VUs  4m06.0s/6m00.0s

running (4m07.0s), 75/75 VUs, 17209 complete and 0 interrupted iterations
orders   [  69% ] 75/75 VUs  4m07.0s/6m00.0s

running (4m08.0s), 75/75 VUs, 17284 complete and 0 interrupted iterations
orders   [  69% ] 75/75 VUs  4m08.0s/6m00.0s

running (4m09.0s), 75/75 VUs, 17359 complete and 0 interrupted iterations
orders   [  69% ] 75/75 VUs  4m09.0s/6m00.0s

running (4m10.0s), 75/75 VUs, 17425 complete and 0 interrupted iterations
orders   [  69% ] 75/75 VUs  4m10.0s/6m00.0s

running (4m11.0s), 75/75 VUs, 17500 complete and 0 interrupted iterations
orders   [  70% ] 75/75 VUs  4m11.0s/6m00.0s

running (4m12.0s), 75/75 VUs, 17575 complete and 0 interrupted iterations
orders   [  70% ] 75/75 VUs  4m12.0s/6m00.0s

running (4m13.0s), 75/75 VUs, 17650 complete and 0 interrupted iterations
orders   [  70% ] 75/75 VUs  4m13.0s/6m00.0s

running (4m14.0s), 75/75 VUs, 17725 complete and 0 interrupted iterations
orders   [  71% ] 75/75 VUs  4m14.0s/6m00.0s

running (4m15.0s), 75/75 VUs, 17800 complete and 0 interrupted iterations
orders   [  71% ] 75/75 VUs  4m15.0s/6m00.0s

running (4m16.0s), 75/75 VUs, 17875 complete and 0 interrupted iterations
orders   [  71% ] 75/75 VUs  4m16.0s/6m00.0s

running (4m17.0s), 75/75 VUs, 17950 complete and 0 interrupted iterations
orders   [  71% ] 75/75 VUs  4m17.0s/6m00.0s

running (4m18.0s), 75/75 VUs, 18025 complete and 0 interrupted iterations
orders   [  72% ] 75/75 VUs  4m18.0s/6m00.0s

running (4m19.0s), 75/75 VUs, 18100 complete and 0 interrupted iterations
orders   [  72% ] 75/75 VUs  4m19.0s/6m00.0s

running (4m20.0s), 75/75 VUs, 18174 complete and 0 interrupted iterations
orders   [  72% ] 75/75 VUs  4m20.0s/6m00.0s

running (4m21.0s), 75/75 VUs, 18249 complete and 0 interrupted iterations
orders   [  72% ] 75/75 VUs  4m21.0s/6m00.0s

running (4m22.0s), 75/75 VUs, 18324 complete and 0 interrupted iterations
orders   [  73% ] 75/75 VUs  4m22.0s/6m00.0s

running (4m23.0s), 75/75 VUs, 18399 complete and 0 interrupted iterations
orders   [  73% ] 75/75 VUs  4m23.0s/6m00.0s

running (4m24.0s), 75/75 VUs, 18474 complete and 0 interrupted iterations
orders   [  73% ] 75/75 VUs  4m24.0s/6m00.0s

running (4m25.0s), 75/75 VUs, 18549 complete and 0 interrupted iterations
orders   [  74% ] 75/75 VUs  4m25.0s/6m00.0s

running (4m26.0s), 75/75 VUs, 18624 complete and 0 interrupted iterations
orders   [  74% ] 75/75 VUs  4m26.0s/6m00.0s

running (4m27.0s), 75/75 VUs, 18699 complete and 0 interrupted iterations
orders   [  74% ] 75/75 VUs  4m27.0s/6m00.0s

running (4m28.0s), 75/75 VUs, 18774 complete and 0 interrupted iterations
orders   [  74% ] 75/75 VUs  4m28.0s/6m00.0s

running (4m29.0s), 75/75 VUs, 18849 complete and 0 interrupted iterations
orders   [  75% ] 75/75 VUs  4m29.0s/6m00.0s

running (4m30.0s), 75/75 VUs, 18924 complete and 0 interrupted iterations
orders   [  75% ] 75/75 VUs  4m30.0s/6m00.0s

running (4m31.0s), 75/75 VUs, 18996 complete and 0 interrupted iterations
orders   [  75% ] 75/75 VUs  4m31.0s/6m00.0s

running (4m32.0s), 75/75 VUs, 19070 complete and 0 interrupted iterations
orders   [  76% ] 75/75 VUs  4m32.0s/6m00.0s

running (4m33.0s), 75/75 VUs, 19145 complete and 0 interrupted iterations
orders   [  76% ] 75/75 VUs  4m33.0s/6m00.0s

running (4m34.0s), 75/75 VUs, 19220 complete and 0 interrupted iterations
orders   [  76% ] 75/75 VUs  4m34.0s/6m00.0s

running (4m35.0s), 75/75 VUs, 19295 complete and 0 interrupted iterations
orders   [  76% ] 75/75 VUs  4m35.0s/6m00.0s

running (4m36.0s), 75/75 VUs, 19370 complete and 0 interrupted iterations
orders   [  77% ] 75/75 VUs  4m36.0s/6m00.0s

running (4m37.0s), 75/75 VUs, 19445 complete and 0 interrupted iterations
orders   [  77% ] 75/75 VUs  4m37.0s/6m00.0s

running (4m38.0s), 75/75 VUs, 19520 complete and 0 interrupted iterations
orders   [  77% ] 75/75 VUs  4m38.0s/6m00.0s

running (4m39.0s), 75/75 VUs, 19595 complete and 0 interrupted iterations
orders   [  77% ] 75/75 VUs  4m39.0s/6m00.0s

running (4m40.0s), 75/75 VUs, 19670 complete and 0 interrupted iterations
orders   [  78% ] 75/75 VUs  4m40.0s/6m00.0s

running (4m41.0s), 75/75 VUs, 19745 complete and 0 interrupted iterations
orders   [  78% ] 75/75 VUs  4m41.0s/6m00.0s

running (4m42.0s), 75/75 VUs, 19820 complete and 0 interrupted iterations
orders   [  78% ] 75/75 VUs  4m42.0s/6m00.0s

running (4m43.0s), 75/75 VUs, 19895 complete and 0 interrupted iterations
orders   [  79% ] 75/75 VUs  4m43.0s/6m00.0s

running (4m44.0s), 75/75 VUs, 19968 complete and 0 interrupted iterations
orders   [  79% ] 75/75 VUs  4m44.0s/6m00.0s

running (4m45.0s), 75/75 VUs, 20043 complete and 0 interrupted iterations
orders   [  79% ] 75/75 VUs  4m45.0s/6m00.0s

running (4m46.0s), 75/75 VUs, 20118 complete and 0 interrupted iterations
orders   [  79% ] 75/75 VUs  4m46.0s/6m00.0s

running (4m47.0s), 75/75 VUs, 20193 complete and 0 interrupted iterations
orders   [  80% ] 75/75 VUs  4m47.0s/6m00.0s

running (4m48.0s), 75/75 VUs, 20268 complete and 0 interrupted iterations
orders   [  80% ] 75/75 VUs  4m48.0s/6m00.0s

running (4m49.0s), 75/75 VUs, 20343 complete and 0 interrupted iterations
orders   [  80% ] 75/75 VUs  4m49.0s/6m00.0s

running (4m50.0s), 75/75 VUs, 20418 complete and 0 interrupted iterations
orders   [  81% ] 75/75 VUs  4m50.0s/6m00.0s

running (4m51.0s), 75/75 VUs, 20493 complete and 0 interrupted iterations
orders   [  81% ] 75/75 VUs  4m51.0s/6m00.0s

running (4m52.0s), 75/75 VUs, 20568 complete and 0 interrupted iterations
orders   [  81% ] 75/75 VUs  4m52.0s/6m00.0s

running (4m53.0s), 75/75 VUs, 20643 complete and 0 interrupted iterations
orders   [  81% ] 75/75 VUs  4m53.0s/6m00.0s

running (4m54.0s), 75/75 VUs, 20718 complete and 0 interrupted iterations
orders   [  82% ] 75/75 VUs  4m54.0s/6m00.0s

running (4m55.0s), 75/75 VUs, 20793 complete and 0 interrupted iterations
orders   [  82% ] 75/75 VUs  4m55.0s/6m00.0s

running (4m56.0s), 75/75 VUs, 20868 complete and 0 interrupted iterations
orders   [  82% ] 75/75 VUs  4m56.0s/6m00.0s

running (4m57.0s), 75/75 VUs, 20943 complete and 0 interrupted iterations
orders   [  82% ] 75/75 VUs  4m57.0s/6m00.0s

running (4m58.0s), 75/75 VUs, 21015 complete and 0 interrupted iterations
orders   [  83% ] 75/75 VUs  4m58.0s/6m00.0s

running (4m59.0s), 75/75 VUs, 21090 complete and 0 interrupted iterations
orders   [  83% ] 75/75 VUs  4m59.0s/6m00.0s

running (5m00.0s), 75/75 VUs, 21165 complete and 0 interrupted iterations
orders   [  83% ] 75/75 VUs  5m00.0s/6m00.0s

running (5m01.0s), 75/75 VUs, 21240 complete and 0 interrupted iterations
orders   [  84% ] 75/75 VUs  5m01.0s/6m00.0s

running (5m02.0s), 75/75 VUs, 21315 complete and 0 interrupted iterations
orders   [  84% ] 75/75 VUs  5m02.0s/6m00.0s

running (5m03.0s), 75/75 VUs, 21390 complete and 0 interrupted iterations
orders   [  84% ] 75/75 VUs  5m03.0s/6m00.0s

running (5m04.0s), 75/75 VUs, 21465 complete and 0 interrupted iterations
orders   [  84% ] 75/75 VUs  5m04.0s/6m00.0s

running (5m05.0s), 75/75 VUs, 21536 complete and 0 interrupted iterations
orders   [  85% ] 75/75 VUs  5m05.0s/6m00.0s

running (5m06.0s), 75/75 VUs, 21608 complete and 0 interrupted iterations
orders   [  85% ] 75/75 VUs  5m06.0s/6m00.0s

running (5m07.0s), 75/75 VUs, 21683 complete and 0 interrupted iterations
orders   [  85% ] 75/75 VUs  5m07.0s/6m00.0s

running (5m08.0s), 75/75 VUs, 21758 complete and 0 interrupted iterations
orders   [  86% ] 75/75 VUs  5m08.0s/6m00.0s

running (5m09.0s), 75/75 VUs, 21833 complete and 0 interrupted iterations
orders   [  86% ] 75/75 VUs  5m09.0s/6m00.0s

running (5m10.0s), 75/75 VUs, 21908 complete and 0 interrupted iterations
orders   [  86% ] 75/75 VUs  5m10.0s/6m00.0s

running (5m11.0s), 75/75 VUs, 21983 complete and 0 interrupted iterations
orders   [  86% ] 75/75 VUs  5m11.0s/6m00.0s

running (5m12.0s), 75/75 VUs, 22058 complete and 0 interrupted iterations
orders   [  87% ] 75/75 VUs  5m12.0s/6m00.0s

running (5m13.0s), 75/75 VUs, 22133 complete and 0 interrupted iterations
orders   [  87% ] 75/75 VUs  5m13.0s/6m00.0s

running (5m14.0s), 75/75 VUs, 22208 complete and 0 interrupted iterations
orders   [  87% ] 75/75 VUs  5m14.0s/6m00.0s

running (5m15.0s), 75/75 VUs, 22283 complete and 0 interrupted iterations
orders   [  87% ] 75/75 VUs  5m15.0s/6m00.0s

running (5m16.0s), 75/75 VUs, 22358 complete and 0 interrupted iterations
orders   [  88% ] 75/75 VUs  5m16.0s/6m00.0s

running (5m17.0s), 75/75 VUs, 22433 complete and 0 interrupted iterations
orders   [  88% ] 75/75 VUs  5m17.0s/6m00.0s

running (5m18.0s), 75/75 VUs, 22508 complete and 0 interrupted iterations
orders   [  88% ] 75/75 VUs  5m18.0s/6m00.0s

running (5m19.0s), 75/75 VUs, 22583 complete and 0 interrupted iterations
orders   [  89% ] 75/75 VUs  5m19.0s/6m00.0s

running (5m20.0s), 75/75 VUs, 22658 complete and 0 interrupted iterations
orders   [  89% ] 75/75 VUs  5m20.0s/6m00.0s

running (5m21.0s), 75/75 VUs, 22733 complete and 0 interrupted iterations
orders   [  89% ] 75/75 VUs  5m21.0s/6m00.0s

running (5m22.0s), 75/75 VUs, 22808 complete and 0 interrupted iterations
orders   [  89% ] 75/75 VUs  5m22.0s/6m00.0s

running (5m23.0s), 75/75 VUs, 22879 complete and 0 interrupted iterations
orders   [  90% ] 75/75 VUs  5m23.0s/6m00.0s

running (5m24.0s), 75/75 VUs, 22954 complete and 0 interrupted iterations
orders   [  90% ] 75/75 VUs  5m24.0s/6m00.0s

running (5m25.0s), 75/75 VUs, 23029 complete and 0 interrupted iterations
orders   [  90% ] 75/75 VUs  5m25.0s/6m00.0s

running (5m26.0s), 75/75 VUs, 23104 complete and 0 interrupted iterations
orders   [  91% ] 75/75 VUs  5m26.0s/6m00.0s

running (5m27.0s), 75/75 VUs, 23179 complete and 0 interrupted iterations
orders   [  91% ] 75/75 VUs  5m27.0s/6m00.0s

running (5m28.0s), 75/75 VUs, 23254 complete and 0 interrupted iterations
orders   [  91% ] 75/75 VUs  5m28.0s/6m00.0s

running (5m29.0s), 75/75 VUs, 23329 complete and 0 interrupted iterations
orders   [  91% ] 75/75 VUs  5m29.0s/6m00.0s

running (5m30.0s), 75/75 VUs, 23404 complete and 0 interrupted iterations
orders   [  92% ] 75/75 VUs  5m30.0s/6m00.0s

running (5m31.0s), 73/75 VUs, 23473 complete and 0 interrupted iterations
orders   [  92% ] 73/75 VUs  5m31.0s/6m00.0s

running (5m32.0s), 72/75 VUs, 23541 complete and 0 interrupted iterations
orders   [  92% ] 72/75 VUs  5m32.0s/6m00.0s

running (5m33.0s), 70/75 VUs, 23611 complete and 0 interrupted iterations
orders   [  92% ] 70/75 VUs  5m33.0s/6m00.0s

running (5m34.0s), 67/75 VUs, 23677 complete and 0 interrupted iterations
orders   [  93% ] 67/75 VUs  5m34.0s/6m00.0s

running (5m35.0s), 65/75 VUs, 23743 complete and 0 interrupted iterations
orders   [  93% ] 65/75 VUs  5m35.0s/6m00.0s

running (5m36.0s), 62/75 VUs, 23808 complete and 0 interrupted iterations
orders   [  93% ] 62/75 VUs  5m36.0s/6m00.0s

running (5m37.0s), 60/75 VUs, 23870 complete and 0 interrupted iterations
orders   [  94% ] 60/75 VUs  5m37.0s/6m00.0s

running (5m38.0s), 57/75 VUs, 23930 complete and 0 interrupted iterations
orders   [  94% ] 57/75 VUs  5m38.0s/6m00.0s

running (5m39.0s), 54/75 VUs, 23987 complete and 0 interrupted iterations
orders   [  94% ] 54/75 VUs  5m39.0s/6m00.0s

running (5m40.0s), 52/75 VUs, 24041 complete and 0 interrupted iterations
orders   [  94% ] 52/75 VUs  5m40.0s/6m00.0s

running (5m41.0s), 48/75 VUs, 24093 complete and 0 interrupted iterations
orders   [  95% ] 48/75 VUs  5m41.0s/6m00.0s

running (5m42.0s), 47/75 VUs, 24141 complete and 0 interrupted iterations
orders   [  95% ] 47/75 VUs  5m42.0s/6m00.0s

running (5m43.0s), 44/75 VUs, 24188 complete and 0 interrupted iterations
orders   [  95% ] 44/75 VUs  5m43.0s/6m00.0s

running (5m44.0s), 42/75 VUs, 24232 complete and 0 interrupted iterations
orders   [  96% ] 42/75 VUs  5m44.0s/6m00.0s

running (5m45.0s), 39/75 VUs, 24274 complete and 0 interrupted iterations
orders   [  96% ] 39/75 VUs  5m45.0s/6m00.0s

running (5m46.0s), 37/75 VUs, 24313 complete and 0 interrupted iterations
orders   [  96% ] 37/75 VUs  5m46.0s/6m00.0s

running (5m47.0s), 34/75 VUs, 24350 complete and 0 interrupted iterations
orders   [  96% ] 34/75 VUs  5m47.0s/6m00.0s

running (5m48.0s), 32/75 VUs, 24384 complete and 0 interrupted iterations
orders   [  97% ] 32/75 VUs  5m48.0s/6m00.0s

running (5m49.0s), 29/75 VUs, 24416 complete and 0 interrupted iterations
orders   [  97% ] 29/75 VUs  5m49.0s/6m00.0s

running (5m50.0s), 27/75 VUs, 24445 complete and 0 interrupted iterations
orders   [  97% ] 27/75 VUs  5m50.0s/6m00.0s

running (5m51.0s), 24/75 VUs, 24472 complete and 0 interrupted iterations
orders   [  97% ] 24/75 VUs  5m51.0s/6m00.0s

running (5m52.0s), 22/75 VUs, 24496 complete and 0 interrupted iterations
orders   [  98% ] 22/75 VUs  5m52.0s/6m00.0s

running (5m53.0s), 19/75 VUs, 24518 complete and 0 interrupted iterations
orders   [  98% ] 19/75 VUs  5m53.0s/6m00.0s

running (5m54.0s), 17/75 VUs, 24537 complete and 0 interrupted iterations
orders   [  98% ] 17/75 VUs  5m54.0s/6m00.0s

running (5m55.0s), 14/75 VUs, 24554 complete and 0 interrupted iterations
orders   [  99% ] 14/75 VUs  5m55.0s/6m00.0s

running (5m56.0s), 12/75 VUs, 24568 complete and 0 interrupted iterations
orders   [  99% ] 12/75 VUs  5m56.0s/6m00.0s

running (5m57.0s), 09/75 VUs, 24580 complete and 0 interrupted iterations
orders   [  99% ] 09/75 VUs  5m57.0s/6m00.0s

running (5m58.0s), 07/75 VUs, 24589 complete and 0 interrupted iterations
orders   [  99% ] 07/75 VUs  5m58.0s/6m00.0s

running (5m59.0s), 04/75 VUs, 24596 complete and 0 interrupted iterations
orders   [ 100% ] 04/75 VUs  5m59.0s/6m00.0s

running (6m00.0s), 02/75 VUs, 24599 complete and 0 interrupted iterations
orders   [ 100% ] 02/75 VUs  6m00.0s/6m00.0s

     ✓ status is 200
     ✓ has product

     checks.........................: 100.00% 49202 out of 49202
     data_received..................: 4.9 MB  14 kB/s
     data_sent......................: 2.4 MB  6.7 kB/s
     http_req_blocked...............: avg=12.71µs min=1.23µs med=5.95µs  p(90)=10.36µs  p(95)=13.35µs  p(99)=49.65µs  max=20.06ms 
     http_req_connecting............: avg=1.82µs  min=0s     med=0s      p(90)=0s       p(95)=0s       p(99)=0s       max=17.01ms 
   ✓ http_req_duration..............: avg=7ms     min=1.43ms med=5.44ms  p(90)=10.88ms  p(95)=15.53ms  p(99)=31.24ms  max=289.38ms
       { expected_response:true }...: avg=7ms     min=1.43ms med=5.44ms  p(90)=10.88ms  p(95)=15.53ms  p(99)=31.24ms  max=289.38ms
   ✓ http_req_failed................: 0.00%   0 out of 24601
     http_req_receiving.............: avg=80.79µs min=5.89µs med=60.48µs p(90)=114.87µs p(95)=143.09µs p(99)=341.08µs max=9.74ms  
     http_req_sending...............: avg=29.68µs min=2.77µs med=17.09µs p(90)=38.42µs  p(95)=51.34µs  p(99)=116.69µs max=20.03ms 
     http_req_tls_handshaking.......: avg=0s      min=0s     med=0s      p(90)=0s       p(95)=0s       p(99)=0s       max=0s      
     http_req_waiting...............: avg=6.89ms  min=1.34ms med=5.34ms  p(90)=10.73ms  p(95)=15.34ms  p(99)=31.02ms  max=289.26ms
     http_reqs......................: 24601   68.264039/s
     iteration_duration.............: avg=1s      min=1s     med=1s      p(90)=1.01s    p(95)=1.01s    p(99)=1.03s    max=1.29s   
     iterations.....................: 24601   68.264039/s
     vus............................: 2       min=2              max=75
     vus_max........................: 75      min=75             max=75


running (6m00.4s), 00/75 VUs, 24601 complete and 0 interrupted iterations
orders ✓ [ 100% ] 00/75 VUs  6m0s
Finished at: 2026-08-17T00:38:29-05:00
